// Jest Snapshot v1, https://goo.gl/fbAQLP

exports[`pprf-header.vue matches snapshot 1`] = `
<header class="pprf-header">
    <!---->
</header>
`;
